
Copyright (C) 1994-2020 Synopsys, Inc.
This Synopsys software and all associated documentation are proprietary to Synopsys, Inc.
and may only be used pursuant to the terms and conditions of a written license agreement
with Synopsys, Inc. All other use, reproduction, modification, or distribution of the
Synopsys software or the associated documentation is strictly prohibited.
Tool: Synplify Pro (R)
Build: P-2019.09G
Install: C:\Gowin\Gowin_V1.9.5Beta\SynplifyPro
OS: Windows 6.2

Hostname: IFDLTPY

Implementation : rev_1
Synopsys HDL compiler and linker, Version comp2019q3p1, Build 286R, Built Feb 28 2020 09:59:15

Modified Files: 1
FID:  path (prevtimestamp, timestamp)
6        C:\Users\akita\Documents\FSd1\src\main.v (2020-04-19 14:51:13, 2020-04-19 15:01:59)

*******************************************************************
Modules that may have changed as a result of file changes: 5
MID:  lib.cell.view
0        work.FSd1.verilog may have changed because the following files changed:
                        C:\Users\akita\Documents\FSd1\src\main.v (2020-04-19 14:51:13, 2020-04-19 15:01:59) <-- (module definition)
1        work.RX8.verilog may have changed because the following files changed:
                        C:\Users\akita\Documents\FSd1\src\main.v (2020-04-19 14:51:13, 2020-04-19 15:01:59) <-- (may instantiate this module)
2        work.TX8.verilog may have changed because the following files changed:
                        C:\Users\akita\Documents\FSd1\src\main.v (2020-04-19 14:51:13, 2020-04-19 15:01:59) <-- (may instantiate this module)
3        work.bin2bcd.verilog may have changed because the following files changed:
                        C:\Users\akita\Documents\FSd1\src\main.v (2020-04-19 14:51:13, 2020-04-19 15:01:59) <-- (may instantiate this module)
4        work.bin2bcd_unit.verilog may have changed because the following files changed:
                        C:\Users\akita\Documents\FSd1\src\main.v (2020-04-19 14:51:13, 2020-04-19 15:01:59) <-- (may instantiate this module)

*******************************************************************
Unmodified files: 7
FID:  path (timestamp)
8        C:\Gowin\Gowin_V1.9.5Beta\SynplifyPro\lib\generic\gw1n.v (2020-02-29 05:17:12)
9        C:\Gowin\Gowin_V1.9.5Beta\SynplifyPro\lib\vlog\hypermods.v (2020-02-29 05:19:08)
10       C:\Gowin\Gowin_V1.9.5Beta\SynplifyPro\lib\vlog\scemi_objects.v (2020-02-29 05:19:08)
11       C:\Gowin\Gowin_V1.9.5Beta\SynplifyPro\lib\vlog\scemi_pipes.svh (2020-02-29 05:19:08)
12       C:\Gowin\Gowin_V1.9.5Beta\SynplifyPro\lib\vlog\umr_capim.v (2020-02-29 05:19:08)
5        C:\Users\akita\Documents\FSd1\src\bin2bcd.v (2020-04-18 17:14:12)
7        C:\Users\akita\Documents\FSd1\src\uart.v (2020-04-19 14:41:56)

*******************************************************************
Unchanged modules: 0
MID:  lib.cell.view
